| codex-rs/computer-use-runtime/src/lib.rs:24:16:24:27 | Ok(...) | This successful Android visual computer-use response can exit without first requiring native image output. Call require_native_image_for_visual_response on the response before returning Ok(...). |
| codex-rs/computer-use-runtime/src/lib.rs:45:5:45:18 | Ok(...) | This successful Android visual computer-use response can exit without first requiring native image output. Call require_native_image_for_visual_response on the response before returning Ok(...). |
| codex-rs/computer-use-runtime/src/lib.rs:64:9:64:28 | Ok(...) | This successful Android visual computer-use response can exit without first requiring native image output. Call require_native_image_for_visual_response on the response before returning Ok(...). |
