| codex-rs/computer-use-runtime/src/lib.rs:24:16:24:27 | Ok(...) | This successful visual computer-use response is not the same response version that passed a body-backed native-image guard. Preserve aliases and borrows, then guard the returned response without later replacing, resetting, or removing its visual evidence. |
| codex-rs/computer-use-runtime/src/lib.rs:45:5:45:18 | Ok(...) | This successful visual computer-use response is not the same response version that passed a body-backed native-image guard. Preserve aliases and borrows, then guard the returned response without later replacing, resetting, or removing its visual evidence. |
| codex-rs/computer-use-runtime/src/lib.rs:64:9:64:28 | Ok(...) | This successful visual computer-use response is not the same response version that passed a body-backed native-image guard. Preserve aliases and borrows, then guard the returned response without later replacing, resetting, or removing its visual evidence. |
