---
source: tui/src/startup_draft_tests.rs
assertion_line: 140
expression: "snapshots.join(\"\\n---\\n\")"
---
empty (48 columns):

  >_ Sedna v<VERSION>
     loading


› Ask Codex to do anything

  ? for shortcuts
---
resuming (48 columns):

  >_ Sedna v<VERSION>
     loading
  Resuming session…

› Ask Codex to do anything

  ? for shortcuts
---
forking (48 columns):

  >_ Sedna v<VERSION>
     loading
  Forking session…

› draft while loading


---
multiline (48 columns):

  >_ Sedna v<VERSION>
     loading


› first startup line
  second startup line


---
narrow (18 columns):

  >_ Sedna v0.160…
     loading


› first startup
  line
  second startup
  line
