| codex-rs/core/src/tools/handlers/computer_use.rs:21:5:26:5 | match item { ... } | This match handles text but may drop or fail to preserve native image content. Verify that InputImage is deliberately handled or delegated. |
| codex-rs/core/src/tools/handlers/computer_use.rs:57:5:62:5 | match item { ... } | This match handles text but may drop or fail to preserve native image content. Verify that InputImage is deliberately handled or delegated. |
