| codex-rs/android-computer-use/src/lib.rs:0:0:0:0 | codex-rs/android-computer-use/src/lib.rs | Expected production visual handler 'step' is missing or has no recognized successful response exit, so native-image guard coverage would become vacuous. |
| codex-rs/browser-computer-use/src/lib.rs:0:0:0:0 | codex-rs/browser-computer-use/src/lib.rs | Expected production visual handler 'handle_with_provider' is missing or has no recognized successful response exit, so native-image guard coverage would become vacuous. |
