| codex-rs/core/src/tools/handlers/computer_use.rs:5:1:7:1 | fn computer_use_response_content_for_model | This core computer-use response path can become text-only before reaching the model. Convert native content items into FunctionCallOutputContentItem values and pass them through FunctionToolOutput::from_content. |
