---
source: tui/src/chatwidget/tests.rs
assertion_line: 7578
expression: term.backend().vt100().screen().contents()
---










• Working (0s • esc to interrupt)

  ↳ Queued while /review is running.
    ⌥ + ↑ edit queued

› Ask Codex to do anything

  ? for shortcuts                                            100% context left
