---
source: tui/src/chatwidget/tests/popups_and_settings.rs
expression: popup
---
  Select Model and Effort
  Access legacy models by running codex -m <model_name> or in your config.toml

  3. gpt-6-luna          Fast and affordable model for easier tasks.
  4. gpt-5.6-sol         Latest frontier agentic coding model.
  5. gpt-5.6-terra       Balanced agentic coding model for everyday work.
  6. gpt-5.6-luna        Fast and affordable agentic coding model.

  Press enter to confirm or esc to go back
