---
source: tui/src/chatwidget/tests/app_server.rs
expression: combined
---
• Waiting on · primitive: wait_agent · Robie [explorer], Ada [reviewer]
  └ Robie [explorer]
    Ada [reviewer]


• Mailbox update received
  └ Robie [explorer]: Completed - Done
    Ada [reviewer]: Running
    Still pending: Ada [reviewer]
